Gambller@Gambller-PC MINGW32 /d/xamp/htdocs/laravel
$ git init
Initialized empty Git repository in D:/xamp/htdocs/laravel/.git/

Gambller@Gambller-PC MINGW32 /d/xamp/htdocs/laravel (master)
$ git add --a
warning: LF will be replaced by CRLF in .env.example.
The file will have its original line endings in your working directory
warning: LF will be replaced by CRLF in .gitattributes.
The file will have its original line endings in your working directory
warning: LF will be replaced by CRLF in .gitignore.
The file will have its original line endings in your working directory
warning: LF will be replaced by CRLF in app/Console/Kernel.php.
The file will have its original line endings in your working directory
warning: LF will be replaced by CRLF in app/Exceptions/Handler.php.
The file will have its original line endings in your working directory
warning: LF will be replaced by CRLF in app/Http/Controllers/Auth/ForgotPasswordController.php.
The file will have its original line endings in your working directory
warning: LF will be replaced by CRLF in app/Http/Controllers/Auth/LoginController.php.
The file will have its original line endings in your working directory
warning: LF will be replaced by CRLF in app/Http/Controllers/Auth/RegisterController.php.
The file will have its original line endings in your working directory
warning: LF will be replaced by CRLF in app/Http/Controllers/Auth/ResetPasswordController.php.
The file will have its original line endings in your working directory
warning: LF will be replaced by CRLF in app/Http/Controllers/Controller.php.
The file will have its original line endings in your working directory
warning: LF will be replaced by CRLF in app/Http/Controllers/StudInsertController.php.
The file will have its original line endings in your working directory
warning: LF will be replaced by CRLF in app/Http/Kernel.php.
The file will have its original line endings in your working directory
warning: LF will be replaced by CRLF in app/Http/Middleware/EncryptCookies.php.
The file will have its original line endings in your working directory
warning: LF will be replaced by CRLF in app/Http/Middleware/RedirectIfAuthenticated.php.
The file will have its original line endings in your working directory
warning: LF will be replaced by CRLF in app/Http/Middleware/TrimStrings.php.
The file will have its original line endings in your working directory
warning: LF will be replaced by CRLF in app/Http/Middleware/VerifyCsrfToken.php.
The file will have its original line endings in your working directory
warning: LF will be replaced by CRLF in app/Providers/AppServiceProvider.php.
The file will have its original line endings in your working directory
warning: LF will be replaced by CRLF in app/Providers/AuthServiceProvider.php.
The file will have its original line endings in your working directory
warning: LF will be replaced by CRLF in app/Providers/BroadcastServiceProvider.php.
The file will have its original line endings in your working directory
warning: LF will be replaced by CRLF in app/Providers/EventServiceProvider.php.
The file will have its original line endings in your working directory
warning: LF will be replaced by CRLF in app/Providers/RouteServiceProvider.php.
The file will have its original line endings in your working directory
warning: LF will be replaced by CRLF in app/User.php.
The file will have its original line endings in your working directory
warning: LF will be replaced by CRLF in artisan.
The file will have its original line endings in your working directory
warning: LF will be replaced by CRLF in bootstrap/app.php.
The file will have its original line endings in your working directory
warning: LF will be replaced by CRLF in bootstrap/autoload.php.
The file will have its original line endings in your working directory
warning: LF will be replaced by CRLF in bootstrap/cache/.gitignore.
The file will have its original line endings in your working directory
warning: LF will be replaced by CRLF in composer.json.
The file will have its original line endings in your working directory
warning: LF will be replaced by CRLF in composer.lock.
The file will have its original line endings in your working directory
warning: LF will be replaced by CRLF in config/app.php.
The file will have its original line endings in your working directory
warning: LF will be replaced by CRLF in config/auth.php.
The file will have its original line endings in your working directory
warning: LF will be replaced by CRLF in config/broadcasting.php.
The file will have its original line endings in your working directory
warning: LF will be replaced by CRLF in config/cache.php.
The file will have its original line endings in your working directory
warning: LF will be replaced by CRLF in config/database.php.
The file will have its original line endings in your working directory
warning: LF will be replaced by CRLF in config/filesystems.php.
The file will have its original line endings in your working directory
warning: LF will be replaced by CRLF in config/mail.php.
The file will have its original line endings in your working directory
warning: LF will be replaced by CRLF in config/queue.php.
The file will have its original line endings in your working directory
warning: LF will be replaced by CRLF in config/services.php.
The file will have its original line endings in your working directory
warning: LF will be replaced by CRLF in config/session.php.
The file will have its original line endings in your working directory
warning: LF will be replaced by CRLF in config/view.php.
The file will have its original line endings in your working directory
warning: LF will be replaced by CRLF in database/.gitignore.
The file will have its original line endings in your working directory
warning: LF will be replaced by CRLF in database/factories/ModelFactory.php.
The file will have its original line endings in your working directory
warning: LF will be replaced by CRLF in database/migrations/2014_10_12_000000_create_users_table.php.
The file will have its original line endings in your working directory
warning: LF will be replaced by CRLF in database/migrations/2014_10_12_100000_create_password_resets_table.php.
The file will have its original line endings in your working directory
warning: LF will be replaced by CRLF in database/seeds/DatabaseSeeder.php.
The file will have its original line endings in your working directory
warning: LF will be replaced by CRLF in package.json.
The file will have its original line endings in your working directory
warning: LF will be replaced by CRLF in phpunit.xml.
The file will have its original line endings in your working directory
warning: LF will be replaced by CRLF in public/.htaccess.
The file will have its original line endings in your working directory
warning: LF will be replaced by CRLF in public/css/app.css.
The file will have its original line endings in your working directory
warning: LF will be replaced by CRLF in public/index.php.
The file will have its original line endings in your working directory
warning: LF will be replaced by CRLF in public/js/app.js.
The file will have its original line endings in your working directory
warning: LF will be replaced by CRLF in public/robots.txt.
The file will have its original line endings in your working directory
warning: LF will be replaced by CRLF in public/web.config.
The file will have its original line endings in your working directory
warning: LF will be replaced by CRLF in readme.md.
The file will have its original line endings in your working directory
warning: LF will be replaced by CRLF in resources/assets/js/app.js.
The file will have its original line endings in your working directory
warning: LF will be replaced by CRLF in resources/assets/js/bootstrap.js.
The file will have its original line endings in your working directory
warning: LF will be replaced by CRLF in resources/assets/js/components/Example.vue.
The file will have its original line endings in your working directory
warning: LF will be replaced by CRLF in resources/assets/sass/_variables.scss.
The file will have its original line endings in your working directory
warning: LF will be replaced by CRLF in resources/assets/sass/app.scss.
The file will have its original line endings in your working directory
warning: LF will be replaced by CRLF in resources/lang/en/auth.php.
The file will have its original line endings in your working directory
warning: LF will be replaced by CRLF in resources/lang/en/pagination.php.
The file will have its original line endings in your working directory
warning: LF will be replaced by CRLF in resources/lang/en/passwords.php.
The file will have its original line endings in your working directory
warning: LF will be replaced by CRLF in resources/lang/en/validation.php.
The file will have its original line endings in your working directory
warning: LF will be replaced by CRLF in resources/views/welcome.blade.php.
The file will have its original line endings in your working directory
warning: LF will be replaced by CRLF in routes/api.php.
The file will have its original line endings in your working directory
warning: LF will be replaced by CRLF in routes/channels.php.
The file will have its original line endings in your working directory
warning: LF will be replaced by CRLF in routes/console.php.
The file will have its original line endings in your working directory
warning: LF will be replaced by CRLF in routes/web.php.
The file will have its original line endings in your working directory
warning: LF will be replaced by CRLF in server.php.
The file will have its original line endings in your working directory
warning: LF will be replaced by CRLF in storage/app/.gitignore.
The file will have its original line endings in your working directory
warning: LF will be replaced by CRLF in storage/app/public/.gitignore.
The file will have its original line endings in your working directory
warning: LF will be replaced by CRLF in storage/framework/.gitignore.
The file will have its original line endings in your working directory
warning: LF will be replaced by CRLF in storage/framework/cache/.gitignore.
The file will have its original line endings in your working directory
warning: LF will be replaced by CRLF in storage/framework/sessions/.gitignore.
The file will have its original line endings in your working directory
warning: LF will be replaced by CRLF in storage/framework/testing/.gitignore.
The file will have its original line endings in your working directory
warning: LF will be replaced by CRLF in storage/framework/views/.gitignore.
The file will have its original line endings in your working directory
warning: LF will be replaced by CRLF in storage/logs/.gitignore.
The file will have its original line endings in your working directory
warning: LF will be replaced by CRLF in tests/CreatesApplication.php.
The file will have its original line endings in your working directory
warning: LF will be replaced by CRLF in tests/Feature/ExampleTest.php.
The file will have its original line endings in your working directory
warning: LF will be replaced by CRLF in tests/TestCase.php.
The file will have its original line endings in your working directory
warning: LF will be replaced by CRLF in tests/Unit/ExampleTest.php.
The file will have its original line endings in your working directory
warning: LF will be replaced by CRLF in webpack.mix.js.
The file will have its original line endings in your working directory

Gambller@Gambller-PC MINGW32 /d/xamp/htdocs/laravel (master)
$ git status
On branch master

No commits yet

Changes to be committed:
  (use "git rm --cached <file>..." to unstage)
        new file:   .env.example
        new file:   .gitattributes
        new file:   .gitignore
        new file:   app/Console/Kernel.php
        new file:   app/Exceptions/Handler.php
        new file:   app/Http/Controllers/Auth/ForgotPasswordController.php
        new file:   app/Http/Controllers/Auth/LoginController.php
        new file:   app/Http/Controllers/Auth/RegisterController.php
        new file:   app/Http/Controllers/Auth/ResetPasswordController.php
        new file:   app/Http/Controllers/Controller.php
        new file:   app/Http/Controllers/StudInsertController.php
        new file:   app/Http/Kernel.php
        new file:   app/Http/Middleware/EncryptCookies.php
        new file:   app/Http/Middleware/RedirectIfAuthenticated.php
        new file:   app/Http/Middleware/TrimStrings.php
        new file:   app/Http/Middleware/VerifyCsrfToken.php
        new file:   app/Providers/AppServiceProvider.php
        new file:   app/Providers/AuthServiceProvider.php
        new file:   app/Providers/BroadcastServiceProvider.php
        new file:   app/Providers/EventServiceProvider.php
        new file:   app/Providers/RouteServiceProvider.php
        new file:   app/User.php
        new file:   artisan
        new file:   bootstrap/app.php
        new file:   bootstrap/autoload.php
        new file:   bootstrap/cache/.gitignore
        new file:   composer.json
        new file:   composer.lock
        new file:   config/app.php
        new file:   config/auth.php
        new file:   config/broadcasting.php
        new file:   config/cache.php
        new file:   config/database.php
        new file:   config/filesystems.php
        new file:   config/mail.php
        new file:   config/queue.php
        new file:   config/services.php
        new file:   config/session.php
        new file:   config/view.php
        new file:   database/.gitignore
        new file:   database/factories/ModelFactory.php
        new file:   database/migrations/2014_10_12_000000_create_users_table.php
        new file:   database/migrations/2014_10_12_100000_create_password_resets_table.php
        new file:   database/seeds/DatabaseSeeder.php
        new file:   package.json
        new file:   phpunit.xml
        new file:   public/.htaccess
        new file:   public/css/app.css
        new file:   public/favicon.ico
        new file:   public/index.php
        new file:   public/js/app.js
        new file:   public/robots.txt
        new file:   public/web.config
        new file:   readme.md
        new file:   resources/assets/js/app.js
        new file:   resources/assets/js/bootstrap.js
        new file:   resources/assets/js/components/Example.vue
        new file:   resources/assets/sass/_variables.scss
        new file:   resources/assets/sass/app.scss
        new file:   resources/lang/en/auth.php
        new file:   resources/lang/en/pagination.php
        new file:   resources/lang/en/passwords.php
        new file:   resources/lang/en/validation.php
        new file:   resources/views/stud_create.blade.php
        new file:   resources/views/welcome.blade.php
        new file:   routes/api.php
        new file:   routes/channels.php
        new file:   routes/console.php
        new file:   routes/web.php
        new file:   server.php
        new file:   storage/app/.gitignore
        new file:   storage/app/public/.gitignore
        new file:   storage/framework/.gitignore
        new file:   storage/framework/cache/.gitignore
        new file:   storage/framework/sessions/.gitignore
        new file:   storage/framework/testing/.gitignore
        new file:   storage/framework/views/.gitignore
        new file:   storage/logs/.gitignore
        new file:   tests/CreatesApplication.php
        new file:   tests/Feature/ExampleTest.php
        new file:   tests/TestCase.php
        new file:   tests/Unit/ExampleTest.php
        new file:   webpack.mix.js


Gambller@Gambller-PC MINGW32 /d/xamp/htdocs/laravel (master)
$ git commit -m 'laravel'
[master (root-commit) 0480837] laravel
 83 files changed, 7028 insertions(+)
 create mode 100644 .env.example
 create mode 100644 .gitattributes
 create mode 100644 .gitignore
 create mode 100644 app/Console/Kernel.php
 create mode 100644 app/Exceptions/Handler.php
 create mode 100644 app/Http/Controllers/Auth/ForgotPasswordController.php
 create mode 100644 app/Http/Controllers/Auth/LoginController.php
 create mode 100644 app/Http/Controllers/Auth/RegisterController.php
 create mode 100644 app/Http/Controllers/Auth/ResetPasswordController.php
 create mode 100644 app/Http/Controllers/Controller.php
 create mode 100644 app/Http/Controllers/StudInsertController.php
 create mode 100644 app/Http/Kernel.php
 create mode 100644 app/Http/Middleware/EncryptCookies.php
 create mode 100644 app/Http/Middleware/RedirectIfAuthenticated.php
 create mode 100644 app/Http/Middleware/TrimStrings.php
 create mode 100644 app/Http/Middleware/VerifyCsrfToken.php
 create mode 100644 app/Providers/AppServiceProvider.php
 create mode 100644 app/Providers/AuthServiceProvider.php
 create mode 100644 app/Providers/BroadcastServiceProvider.php
 create mode 100644 app/Providers/EventServiceProvider.php
 create mode 100644 app/Providers/RouteServiceProvider.php
 create mode 100644 app/User.php
 create mode 100644 artisan
 create mode 100644 bootstrap/app.php
 create mode 100644 bootstrap/autoload.php
 create mode 100644 bootstrap/cache/.gitignore
 create mode 100644 composer.json
 create mode 100644 composer.lock
 create mode 100644 config/app.php
 create mode 100644 config/auth.php
 create mode 100644 config/broadcasting.php
 create mode 100644 config/cache.php
 create mode 100644 config/database.php
 create mode 100644 config/filesystems.php
 create mode 100644 config/mail.php
 create mode 100644 config/queue.php
 create mode 100644 config/services.php
 create mode 100644 config/session.php
 create mode 100644 config/view.php
 create mode 100644 database/.gitignore
 create mode 100644 database/factories/ModelFactory.php
 create mode 100644 database/migrations/2014_10_12_000000_create_users_table.php
 create mode 100644 database/migrations/2014_10_12_100000_create_password_resets_table.php
 create mode 100644 database/seeds/DatabaseSeeder.php
 create mode 100644 package.json
 create mode 100644 phpunit.xml
 create mode 100644 public/.htaccess
 create mode 100644 public/css/app.css
 create mode 100644 public/favicon.ico
 create mode 100644 public/index.php
 create mode 100644 public/js/app.js
 create mode 100644 public/robots.txt
 create mode 100644 public/web.config
 create mode 100644 readme.md
 create mode 100644 resources/assets/js/app.js
 create mode 100644 resources/assets/js/bootstrap.js
 create mode 100644 resources/assets/js/components/Example.vue
 create mode 100644 resources/assets/sass/_variables.scss
 create mode 100644 resources/assets/sass/app.scss
 create mode 100644 resources/lang/en/auth.php
 create mode 100644 resources/lang/en/pagination.php
 create mode 100644 resources/lang/en/passwords.php
 create mode 100644 resources/lang/en/validation.php
 create mode 100644 resources/views/stud_create.blade.php
 create mode 100644 resources/views/welcome.blade.php
 create mode 100644 routes/api.php
 create mode 100644 routes/channels.php
 create mode 100644 routes/console.php
 create mode 100644 routes/web.php
 create mode 100644 server.php
 create mode 100644 storage/app/.gitignore
 create mode 100644 storage/app/public/.gitignore
 create mode 100644 storage/framework/.gitignore
 create mode 100644 storage/framework/cache/.gitignore
 create mode 100644 storage/framework/sessions/.gitignore
 create mode 100644 storage/framework/testing/.gitignore
 create mode 100644 storage/framework/views/.gitignore
 create mode 100644 storage/logs/.gitignore
 create mode 100644 tests/CreatesApplication.php
 create mode 100644 tests/Feature/ExampleTest.php
 create mode 100644 tests/TestCase.php
 create mode 100644 tests/Unit/ExampleTest.php
 create mode 100644 webpack.mix.js

Gambller@Gambller-PC MINGW32 /d/xamp/htdocs/laravel (master)
$ git status
On branch master
nothing to commit, working tree clean

Gambller@Gambller-PC MINGW32 /d/xamp/htdocs/laravel (master)
$ git log
commit 0480837bd73ae7501b8b72c424ee9fad19fca18d (HEAD -> master)
Author: starvikass1988 <smartvikass1988@gmail.com>
Date:   Wed Sep 9 22:39:45 2020 +0530

    laravel

Gambller@Gambller-PC MINGW32 /d/xamp/htdocs/laravel (master)
$ git checkout vikas
error: pathspec 'vikas' did not match any file(s) known to git

Gambller@Gambller-PC MINGW32 /d/xamp/htdocs/laravel (master)
$ git remote add origin https://github.com/starvikass1988/laravel.git

Gambller@Gambller-PC MINGW32 /d/xamp/htdocs/laravel (master)
$ git remote
origin

Gambller@Gambller-PC MINGW32 /d/xamp/htdocs/laravel (master)
$ git branch -M master

Gambller@Gambller-PC MINGW32 /d/xamp/htdocs/laravel (master)
$ git push -u origin master
Enumerating objects: 112, done.
Counting objects: 100% (112/112), done.
Delta compression using up to 2 threads
Compressing objects: 100% (96/96), done.
Writing objects: 100% (112/112), 166.64 KiB | 600.00 KiB/s, done.
Total 112 (delta 8), reused 0 (delta 0), pack-reused 0
remote: Resolving deltas: 100% (8/8), done.
To https://github.com/starvikass1988/laravel.git
 * [new branch]      master -> master
Branch 'master' set up to track remote branch 'master' from 'origin'.

Gambller@Gambller-PC MINGW32 /d/xamp/htdocs/laravel (master)
$ git clone https://github.com/starvikass1988/laravel.git
Cloning into 'laravel'...
remote: Enumerating objects: 112, done.
remote: Counting objects: 100% (112/112), done.
remote: Compressing objects: 100% (88/88), done.
remote: Total 112 (delta 8), reused 112 (delta 8), pack-reused 0
Receiving objects: 100% (112/112), 166.64 KiB | 729.00 KiB/s, done.
Resolving deltas: 100% (8/8), done.

Gambller@Gambller-PC MINGW32 /d/xamp/htdocs/laravel (master)
$ git status
On branch master
Your branch is up to date with 'origin/master'.

Untracked files:
  (use "git add <file>..." to include in what will be committed)
        laravel/

nothing added to commit but untracked files present (use "git add" to track)

Gambller@Gambller-PC MINGW32 /d/xamp/htdocs/laravel (master)
$ git add --a
warning: adding embedded git repository: laravel
hint: You've added another git repository inside your current repository.
hint: Clones of the outer repository will not contain the contents of
hint: the embedded repository and will not know how to obtain it.
hint: If you meant to add a submodule, use:
hint:
hint:   git submodule add <url> laravel
hint:
hint: If you added this path by mistake, you can remove it from the
hint: index with:
hint:
hint:   git rm --cached laravel
hint:
hint: See "git help submodule" for more information.

Gambller@Gambller-PC MINGW32 /d/xamp/htdocs/laravel (master)
$ git status
On branch master
Your branch is up to date with 'origin/master'.

Changes to be committed:
  (use "git restore --staged <file>..." to unstage)
        new file:   laravel


Gambller@Gambller-PC MINGW32 /d/xamp/htdocs/laravel (master)
$ git commit -m 'laravel1'
[master bb2b1de] laravel1
 1 file changed, 1 insertion(+)
 create mode 160000 laravel

Gambller@Gambller-PC MINGW32 /d/xamp/htdocs/laravel (master)
$ git status
On branch master
Your branch is ahead of 'origin/master' by 1 commit.
  (use "git push" to publish your local commits)

nothing to commit, working tree clean

Gambller@Gambller-PC MINGW32 /d/xamp/htdocs/laravel (master)
$ git status
On branch master
Your branch is ahead of 'origin/master' by 1 commit.
  (use "git push" to publish your local commits)

nothing to commit, working tree clean

Gambller@Gambller-PC MINGW32 /d/xamp/htdocs/laravel (master)
$ git rm -r
fatal: No pathspec was given. Which files should I remove?

Gambller@Gambller-PC MINGW32 /d/xamp/htdocs/laravel (master)
$ git rm -r --a
error: unknown option `a'
usage: git rm [<options>] [--] <file>...

    -n, --dry-run         dry run
    -q, --quiet           do not list removed files
    --cached              only remove from the index
    -f, --force           override the up-to-date check
    -r                    allow recursive removal
    --ignore-unmatch      exit with a zero status even if nothing matched
    --pathspec-from-file <file>
                          read pathspec from file
    --pathspec-file-nul   with --pathspec-from-file, pathspec elements are separated with NUL character


Gambller@Gambller-PC MINGW32 /d/xamp/htdocs/laravel (master)
$ git rm -r laravel
fatal: could not lookup name for submodule 'laravel'

Gambller@Gambller-PC MINGW32 /d/xamp/htdocs/laravel (master)
$ git rm -r [laravel]
fatal: pathspec '[laravel]' did not match any files

Gambller@Gambller-PC MINGW32 /d/xamp/htdocs/laravel (master)
